#
# There is insufficient memory for the Java Runtime Environment to continue.
# Native memory allocation (malloc) failed to allocate 1048576 bytes. Error detail: AllocateHeap
# Possible reasons:
#   The system is out of physical RAM or swap space
#   This process is running with CompressedOops enabled, and the Java Heap may be blocking the growth of the native heap
# Possible solutions:
#   Reduce memory load on the system
#   Increase physical memory or swap space
#   Check if swap backing store is full
#   Decrease Java heap size (-Xmx/-Xms)
#   Decrease number of Java threads
#   Decrease Java thread stack sizes (-Xss)
#   Set larger code cache with -XX:ReservedCodeCacheSize=
#   JVM is running with Unscaled Compressed Oops mode in which the Java heap is
#     placed in the first 4GB address space. The Java Heap base address is the
#     maximum limit for the native heap growth. Please use -XX:HeapBaseMinAddress
#     to set the Java Heap base and to place the Java Heap above 4GB virtual address.
# This output file may be truncated or incomplete.
#
#  Out of Memory Error (allocation.cpp:44), pid=10752, tid=14696
#
# JRE version: OpenJDK Runtime Environment Temurin-21.0.10+7 (21.0.10+7) (build 21.0.10+7-LTS)
# Java VM: OpenJDK 64-Bit Server VM Temurin-21.0.10+7 (21.0.10+7-LTS, mixed mode, sharing, tiered, compressed oops, compressed class ptrs, parallel gc, windows-amd64)
# No core dump will be written. Minidumps are not enabled by default on client versions of Windows
#

---------------  S U M M A R Y ------------

Command Line: --add-modules=ALL-SYSTEM --add-opens=java.base/java.util=ALL-UNNAMED --add-opens=java.base/java.lang=ALL-UNNAMED --add-opens=java.base/sun.nio.fs=ALL-UNNAMED -Declipse.application=org.eclipse.jdt.ls.core.id1 -Dosgi.bundles.defaultStartLevel=4 -Declipse.product=org.eclipse.jdt.ls.core.product -Djava.import.generatesMetadataFilesAtProjectRoot=false -DDetectVMInstallationsJob.disabled=true -Dfile.encoding=utf8 -XX:+UseParallelGC -XX:GCTimeRatio=4 -XX:AdaptiveSizePolicyWeight=90 -Dsun.zip.disableMemoryMapping=true -Xmx2G -Xms100m -Xlog:disable -javaagent:c:\Users\diksh\.vscode\extensions\redhat.java-1.54.0-win32-x64\lombok\lombok-1.18.39-4050.jar -XX:+HeapDumpOnOutOfMemoryError -XX:HeapDumpPath=c:\Users\diksh\AppData\Roaming\Code\User\workspaceStorage\c0c1884c0501c312faf2e0c1d708e901\redhat.java -Daether.dependencyCollector.impl=bf c:\Users\diksh\.vscode\extensions\redhat.java-1.54.0-win32-x64\server\plugins\org.eclipse.equinox.launcher_1.7.100.v20251111-0406.jar -configuration c:\Users\diksh\AppData\Roaming\Code\User\globalStorage\redhat.java\1.54.0\config_win -data c:\Users\diksh\AppData\Roaming\Code\User\workspaceStorage\c0c1884c0501c312faf2e0c1d708e901\redhat.java\jdt_ws --pipe=\\.\pipe\lsp-ee87d7045f9f785af99c084fc93cc3d7-sock

Host: 12th Gen Intel(R) Core(TM) i5-1235U, 12 cores, 7G,  Windows 11 , 64 bit Build 26100 (10.0.26100.8246)
Time: Mon Apr 27 19:24:00 2026 India Standard Time elapsed time: 6964.493899 seconds (0d 1h 56m 4s)

---------------  T H R E A D  ---------------

Current thread (0x0000024dd9aa7630):  JavaThread "Attach Listener" daemon [_thread_in_vm, id=14696, stack(0x00000078d2a00000,0x00000078d2b00000) (1024K)]

Stack: [0x00000078d2a00000,0x00000078d2b00000]
Native frames: (J=compiled Java code, j=interpreted, Vv=VM code, C=native code)
V  [jvm.dll+0x6d7a39]
V  [jvm.dll+0x8b4b26]
V  [jvm.dll+0x8b70de]
V  [jvm.dll+0x8b77c3]
V  [jvm.dll+0x284346]
V  [jvm.dll+0xc1277]
V  [jvm.dll+0x6d82e9]
V  [jvm.dll+0x1334a6]
V  [jvm.dll+0x3f857e]
V  [jvm.dll+0x85f59d]
V  [jvm.dll+0x6d626d]
C  [ucrtbase.dll+0x37b0]
C  [KERNEL32.DLL+0x2e8d7]
C  [ntdll.dll+0x8c3fc]


---------------  P R O C E S S  ---------------

Threads class SMR info:
_java_thread_list=0x0000024ddfeeaff0, length=38, elements={
0x0000024dffc9e9a0, 0x0000024dd9aa44b0, 0x0000024dd9aa5ed0, 0x0000024dd9aa69d0,
0x0000024dd9aa7630, 0x0000024dd9aac0b0, 0x0000024dd9aacb10, 0x0000024dd9aad8a0,
0x0000024dd9b1d920, 0x0000024dd9c91eb0, 0x0000024dd9df1b40, 0x0000024dde623e40,
0x0000024dde714e90, 0x0000024dde6fcd40, 0x0000024dde70f250, 0x0000024dde998fd0,
0x0000024ddec223f0, 0x0000024ddeb03450, 0x0000024dd9b5e5a0, 0x0000024dd9b5ec30,
0x0000024dd9b5f2c0, 0x0000024dd9b5f950, 0x0000024dd9b5ffe0, 0x0000024de0d011c0,
0x0000024de0cff780, 0x0000024de0cff0f0, 0x0000024de0d01850, 0x0000024de0d01ee0,
0x0000024de0d02c00, 0x0000024de0d02570, 0x0000024de0cffe10, 0x0000024de0d03290,
0x0000024de0d03920, 0x0000024de0d004a0, 0x0000024de0d03fb0, 0x0000024de0d00b30,
0x0000024de0d059f0, 0x0000024de0d05360
}

Java Threads: ( => current thread )
  0x0000024dffc9e9a0 JavaThread "main"                              [_thread_blocked, id=15272, stack(0x00000078d2300000,0x00000078d2400000) (1024K)]
  0x0000024dd9aa44b0 JavaThread "Reference Handler"          daemon [_thread_blocked, id=19480, stack(0x00000078d2700000,0x00000078d2800000) (1024K)]
  0x0000024dd9aa5ed0 JavaThread "Finalizer"                  daemon [_thread_blocked, id=2276, stack(0x00000078d2800000,0x00000078d2900000) (1024K)]
  0x0000024dd9aa69d0 JavaThread "Signal Dispatcher"          daemon [_thread_blocked, id=8812, stack(0x00000078d2900000,0x00000078d2a00000) (1024K)]
=>0x0000024dd9aa7630 JavaThread "Attach Listener"            daemon [_thread_in_vm, id=14696, stack(0x00000078d2a00000,0x00000078d2b00000) (1024K)]
  0x0000024dd9aac0b0 JavaThread "Service Thread"             daemon [_thread_blocked, id=10728, stack(0x00000078d2b00000,0x00000078d2c00000) (1024K)]
  0x0000024dd9aacb10 JavaThread "Monitor Deflation Thread"   daemon [_thread_blocked, id=23260, stack(0x00000078d2c00000,0x00000078d2d00000) (1024K)]
  0x0000024dd9aad8a0 JavaThread "C2 CompilerThread0"         daemon [_thread_blocked, id=23516, stack(0x00000078d2d00000,0x00000078d2e00000) (1024K)]
  0x0000024dd9b1d920 JavaThread "C1 CompilerThread0"         daemon [_thread_blocked, id=4604, stack(0x00000078d2e00000,0x00000078d2f00000) (1024K)]
  0x0000024dd9c91eb0 JavaThread "Common-Cleaner"             daemon [_thread_blocked, id=8896, stack(0x00000078d2f00000,0x00000078d3000000) (1024K)]
  0x0000024dd9df1b40 JavaThread "Notification Thread"        daemon [_thread_blocked, id=3380, stack(0x00000078d3100000,0x00000078d3200000) (1024K)]
  0x0000024dde623e40 JavaThread "Active Thread: Equinox Container: b7cff245-83cc-4e83-89dc-af7c871d1c06"        [_thread_blocked, id=15920, stack(0x00000078d3000000,0x00000078d3100000) (1024K)]
  0x0000024dde714e90 JavaThread "Refresh Thread: Equinox Container: b7cff245-83cc-4e83-89dc-af7c871d1c06" daemon [_thread_blocked, id=15320, stack(0x00000078d3900000,0x00000078d3a00000) (1024K)]
  0x0000024dde6fcd40 JavaThread "Framework Event Dispatcher: Equinox Container: b7cff245-83cc-4e83-89dc-af7c871d1c06" daemon [_thread_blocked, id=14896, stack(0x00000078d3a00000,0x00000078d3b00000) (1024K)]
  0x0000024dde70f250 JavaThread "Start Level: Equinox Container: b7cff245-83cc-4e83-89dc-af7c871d1c06" daemon [_thread_blocked, id=22244, stack(0x00000078d3b00000,0x00000078d3c00000) (1024K)]
  0x0000024dde998fd0 JavaThread "Bundle File Closer"         daemon [_thread_blocked, id=7584, stack(0x00000078d3c00000,0x00000078d3d00000) (1024K)]
  0x0000024ddec223f0 JavaThread "SCR Component Actor"        daemon [_thread_blocked, id=9024, stack(0x00000078d2200000,0x00000078d2300000) (1024K)]
  0x0000024ddeb03450 JavaThread "Worker-JM"                         [_thread_blocked, id=23856, stack(0x00000078d4100000,0x00000078d4200000) (1024K)]
  0x0000024dd9b5e5a0 JavaThread "JNA Cleaner"                daemon [_thread_blocked, id=15176, stack(0x00000078d3f00000,0x00000078d4000000) (1024K)]
  0x0000024dd9b5ec30 JavaThread "Worker-1"                          [_thread_blocked, id=13276, stack(0x00000078d4200000,0x00000078d4300000) (1024K)]
  0x0000024dd9b5f2c0 JavaThread "Java indexing"              daemon [_thread_blocked, id=10640, stack(0x00000078d4500000,0x00000078d4600000) (1024K)]
  0x0000024dd9b5f950 JavaThread "Worker-3"                          [_thread_blocked, id=11948, stack(0x00000078d4800000,0x00000078d4900000) (1024K)]
  0x0000024dd9b5ffe0 JavaThread "Thread-1"                   daemon [_thread_in_native, id=11900, stack(0x00000078d4a00000,0x00000078d4b00000) (1024K)]
  0x0000024de0d011c0 JavaThread "Thread-2"                   daemon [_thread_in_native, id=11584, stack(0x00000078d4b00000,0x00000078d4c00000) (1024K)]
  0x0000024de0cff780 JavaThread "Thread-3"                   daemon [_thread_in_native, id=5836, stack(0x00000078d4c00000,0x00000078d4d00000) (1024K)]
  0x0000024de0cff0f0 JavaThread "Thread-4"                   daemon [_thread_in_native, id=18696, stack(0x00000078d4d00000,0x00000078d4e00000) (1024K)]
  0x0000024de0d01850 JavaThread "Thread-5"                   daemon [_thread_in_native, id=12748, stack(0x00000078d4e00000,0x00000078d4f00000) (1024K)]
  0x0000024de0d01ee0 JavaThread "Thread-6"                   daemon [_thread_in_native, id=19068, stack(0x00000078d4f00000,0x00000078d5000000) (1024K)]
  0x0000024de0d02c00 JavaThread "Thread-7"                   daemon [_thread_in_native, id=11464, stack(0x00000078d5000000,0x00000078d5100000) (1024K)]
  0x0000024de0d02570 JavaThread "Thread-8"                   daemon [_thread_in_native, id=21320, stack(0x00000078d5100000,0x00000078d5200000) (1024K)]
  0x0000024de0cffe10 JavaThread "Thread-9"                   daemon [_thread_in_native, id=5416, stack(0x00000078d5200000,0x00000078d5300000) (1024K)]
  0x0000024de0d03290 JavaThread "Thread-10"                  daemon [_thread_in_native, id=2944, stack(0x00000078d5300000,0x00000078d5400000) (1024K)]
  0x0000024de0d03920 JavaThread "Thread-11"                  daemon [_thread_in_native, id=13852, stack(0x00000078d5400000,0x00000078d5500000) (1024K)]
  0x0000024de0d004a0 JavaThread "Thread-12"                  daemon [_thread_in_native, id=3364, stack(0x00000078d5500000,0x00000078d5600000) (1024K)]
  0x0000024de0d03fb0 JavaThread "Thread-13"                  daemon [_thread_in_native, id=18484, stack(0x00000078d5600000,0x00000078d5700000) (1024K)]
  0x0000024de0d00b30 JavaThread "pool-2-thread-1"                   [_thread_blocked, id=21884, stack(0x00000078d5700000,0x00000078d5800000) (1024K)]
  0x0000024de0d059f0 JavaThread "WorkspaceEventsHandler"            [_thread_blocked, id=22180, stack(0x00000078d5800000,0x00000078d5900000) (1024K)]
  0x0000024de0d05360 JavaThread "pool-1-thread-1"                   [_thread_blocked, id=18540, stack(0x00000078d5900000,0x00000078d5a00000) (1024K)]
Total: 38

Other Threads:
  0x0000024d969d50d0 VMThread "VM Thread"                           [id=15420, stack(0x00000078d2600000,0x00000078d2700000) (1024K)]
  0x0000024d968cca00 WatcherThread "VM Periodic Task Thread"        [id=18812, stack(0x00000078d2500000,0x00000078d2600000) (1024K)]
  0x0000024dffcbcd20 WorkerThread "GC Thread#0"                     [id=1396, stack(0x00000078d2400000,0x00000078d2500000) (1024K)]
  0x0000024dde5d0a10 WorkerThread "GC Thread#1"                     [id=19508, stack(0x00000078d3200000,0x00000078d3300000) (1024K)]
  0x0000024dde5d0dc0 WorkerThread "GC Thread#2"                     [id=6756, stack(0x00000078d3300000,0x00000078d3400000) (1024K)]
  0x0000024dde652110 WorkerThread "GC Thread#3"                     [id=2372, stack(0x00000078d3400000,0x00000078d3500000) (1024K)]
  0x0000024dde6524c0 WorkerThread "GC Thread#4"                     [id=23384, stack(0x00000078d3500000,0x00000078d3600000) (1024K)]
  0x0000024dde652870 WorkerThread "GC Thread#5"                     [id=8956, stack(0x00000078d3600000,0x00000078d3700000) (1024K)]
  0x0000024dde07ece0 WorkerThread "GC Thread#6"                     [id=10072, stack(0x00000078d3700000,0x00000078d3800000) (1024K)]
  0x0000024dde947520 WorkerThread "GC Thread#7"                     [id=19556, stack(0x00000078d3800000,0x00000078d3900000) (1024K)]
  0x0000024ddea73900 WorkerThread "GC Thread#8"                     [id=17496, stack(0x00000078d3d00000,0x00000078d3e00000) (1024K)]
  0x0000024ddea73cb0 WorkerThread "GC Thread#9"                     [id=8584, stack(0x00000078d3e00000,0x00000078d3f00000) (1024K)]
Total: 12

Threads with active compile tasks:
Total: 0

VM state: not at safepoint (normal execution)

VM Mutex/Monitor currently owned by a thread: None

Heap address: 0x0000000080000000, size: 2048 MB, Compressed Oops mode: 32-bit

CDS archive(s) mapped at: [0x0000024d97000000-0x0000024d97ba0000-0x0000024d97ba0000), size 12189696, SharedBaseAddress: 0x0000024d97000000, ArchiveRelocationMode: 1.
Compressed class space mapped at: 0x0000024d98000000-0x0000024dd8000000, reserved size: 1073741824
Narrow klass base: 0x0000024d97000000, Narrow klass shift: 0, Narrow klass range: 0x100000000

GC Precious Log:
 CardTable entry size: 512
 CPUs: 12 total, 12 available
 Memory: 7863M
 Large Page Support: Disabled
 NUMA Support: Disabled
 Compressed Oops: Enabled (32-bit)
 Alignments: Space 512K, Generation 512K, Heap 2M
 Heap Min Capacity: 100M
 Heap Initial Capacity: 100M
 Heap Max Capacity: 2G
 Pre-touch: Disabled
 Parallel Workers: 10

Heap:
 PSYoungGen      total 14848K, used 14693K [0x00000000d5580000, 0x00000000d6800000, 0x0000000100000000)
  eden space 13824K, 100% used [0x00000000d5580000,0x00000000d6300000,0x00000000d6300000)
  from space 1024K, 84% used [0x00000000d6500000,0x00000000d65d9420,0x00000000d6600000)
  to   space 1536K, 0% used [0x00000000d6680000,0x00000000d6680000,0x00000000d6800000)
 ParOldGen       total 109568K, used 108657K [0x0000000080000000, 0x0000000086b00000, 0x00000000d5580000)
  object space 109568K, 99% used [0x0000000080000000,0x0000000086a1c548,0x0000000086b00000)
 Metaspace       used 70052K, committed 71552K, reserved 1114112K
  class space    used 7590K, committed 8192K, reserved 1048576K

Card table byte_map: [0x0000024dff640000,0x0000024dffa50000] _byte_map_base: 0x0000024dff240000

Marking Bits: (ParMarkBitMap*) 0x00007ff8db383450
 Begin Bits: [0x0000024d923f0000, 0x0000024d943f0000)
 End Bits:   [0x0000024d943f0000, 0x0000024d963f0000)

Polling page: 0x0000024dfdaa0000

Metaspace:

Usage:
  Non-class:     61.00 MB used.
      Class:      7.41 MB used.
       Both:     68.41 MB used.

Virtual space:
  Non-class space:       64.00 MB reserved,      61.88 MB ( 97%) committed,  1 nodes.
      Class space:        1.00 GB reserved,       8.00 MB ( <1%) committed,  1 nodes.
             Both:        1.06 GB reserved,      69.88 MB (  6%) committed. 

Chunk freelists:
   Non-Class:  1.99 MB
       Class:  7.88 MB
        Both:  9.87 MB

MaxMetaspaceSize: unlimited
CompressedClassSpaceSize: 1.00 GB
Initial GC threshold: 21.00 MB
Current GC threshold: 97.31 MB
CDS: on
 - commit_granule_bytes: 65536.
 - commit_granule_words: 8192.
 - virtual_space_node_default_size: 8388608.
 - enlarge_chunks_in_place: 1.
 - use_allocation_guard: 0.


Internal statistics:

num_allocs_failed_limit: 9.
num_arena_births: 1210.
num_arena_deaths: 22.
num_vsnodes_births: 2.
num_vsnodes_deaths: 0.
num_space_committed: 1118.
num_space_uncommitted: 0.
num_chunks_returned_to_freelist: 35.
num_chunks_taken_from_freelist: 4345.
num_chunk_merges: 17.
num_chunk_splits: 2670.
num_chunks_enlarged: 1517.
num_inconsistent_stats: 0.

CodeHeap 'non-profiled nmethods': size=120000Kb used=7732Kb max_used=7732Kb free=112267Kb
 bounds [0x0000024d8ac10000, 0x0000024d8b3a0000, 0x0000024d92140000]
CodeHeap 'profiled nmethods': size=120000Kb used=24773Kb max_used=24773Kb free=95226Kb
 bounds [0x0000024d83140000, 0x0000024d84980000, 0x0000024d8a670000]
CodeHeap 'non-nmethods': size=5760Kb used=1467Kb max_used=1505Kb free=4292Kb
 bounds [0x0000024d8a670000, 0x0000024d8a8e0000, 0x0000024d8ac10000]
CodeCache: size=245760Kb, used=33972Kb, max_used=34010Kb, free=211785Kb
 total_blobs=11916, nmethods=11136, adapters=686, full_count=0
Compilation: enabled, stopped_count=0, restarted_count=0

Compilation events (20 events):
Event: 6810.298 Thread 0x0000024dd9b1d920 11941       3       org.eclipse.jdt.internal.core.builder.ClasspathJar::equals (120 bytes)
Event: 6810.302 Thread 0x0000024dd9b1d920 nmethod 11941 0x0000024d84969310 code [0x0000024d84969560, 0x0000024d84969f58]
Event: 6810.364 Thread 0x0000024dd9aad8a0 11942       4       java.util.concurrent.atomic.AtomicLong::addAndGet (14 bytes)
Event: 6810.366 Thread 0x0000024dd9aad8a0 nmethod 11942 0x0000024d8b39cd10 code [0x0000024d8b39cea0, 0x0000024d8b39cf38]
Event: 6810.384 Thread 0x0000024dd9b1d920 11943       3       org.eclipse.core.internal.resources.Resource::checkLocal (38 bytes)
Event: 6810.385 Thread 0x0000024dd9b1d920 nmethod 11943 0x0000024d8496a190 code [0x0000024d8496a3a0, 0x0000024d8496aa18]
Event: 6810.407 Thread 0x0000024dd9b1d920 11944       3       com.sun.org.apache.xerces.internal.impl.dtd.XMLDTDProcessor::setProperty (1 bytes)
Event: 6810.408 Thread 0x0000024dd9b1d920 nmethod 11944 0x0000024d8496ac10 code [0x0000024d8496ada0, 0x0000024d8496aea8]
Event: 6810.408 Thread 0x0000024dd9b1d920 11945       3       com.sun.org.apache.xerces.internal.impl.XMLEntityManager::setProperty (307 bytes)
Event: 6810.417 Thread 0x0000024dd9b1d920 nmethod 11945 0x0000024d8496af10 code [0x0000024d8496b3e0, 0x0000024d8496dae8]
Event: 6810.418 Thread 0x0000024dd9b1d920 11946       3       com.sun.org.apache.xerces.internal.impl.XMLErrorReporter::setProperty (47 bytes)
Event: 6810.419 Thread 0x0000024dd9b1d920 nmethod 11946 0x0000024d8496e610 code [0x0000024d8496e860, 0x0000024d8496f118]
Event: 6810.473 Thread 0x0000024dd9b1d920 11947       3       org.eclipse.jdt.core.compiler.CharOperation::splitAndTrimOn (269 bytes)
Event: 6810.475 Thread 0x0000024dd9b1d920 nmethod 11947 0x0000024d8496f490 code [0x0000024d8496f700, 0x0000024d849705e8]
Event: 6810.475 Thread 0x0000024dd9b1d920 11948       3       com.sun.org.apache.xerces.internal.util.ParserConfigurationSettings::setProperty (39 bytes)
Event: 6810.477 Thread 0x0000024dd9b1d920 nmethod 11948 0x0000024d84970b90 code [0x0000024d84970d80, 0x0000024d84971190]
Event: 6810.495 Thread 0x0000024dd9b1d920 11949       3       com.google.gson.stream.JsonWriter::endObject (9 bytes)
Event: 6810.497 Thread 0x0000024dd9b1d920 nmethod 11949 0x0000024d84971390 code [0x0000024d84971540, 0x0000024d84971690]
Event: 6810.497 Thread 0x0000024dd9b1d920 11950       1       org.eclipse.core.internal.jobs.InternalJob::getListeners (5 bytes)
Event: 6810.499 Thread 0x0000024dd9b1d920 nmethod 11950 0x0000024d8b39d010 code [0x0000024d8b39d1a0, 0x0000024d8b39d268]

GC Heap History (20 events):
Event: 172.052 GC heap before
{Heap before GC invocations=63 (full 3):
 PSYoungGen      total 23040K, used 23035K [0x00000000d5580000, 0x00000000d6f80000, 0x0000000100000000)
  eden space 21504K, 100% used [0x00000000d5580000,0x00000000d6a80000,0x00000000d6a80000)
  from space 1536K, 99% used [0x00000000d6b00000,0x00000000d6c7ef28,0x00000000d6c80000)
  to   space 2560K, 0% used [0x00000000d6d00000,0x00000000d6d00000,0x00000000d6f80000)
 ParOldGen       total 68608K, used 66800K [0x0000000080000000, 0x0000000084300000, 0x00000000d5580000)
  object space 68608K, 97% used [0x0000000080000000,0x000000008413c220,0x0000000084300000)
 Metaspace       used 65616K, committed 67072K, reserved 1114112K
  class space    used 7105K, committed 7744K, reserved 1048576K
}
Event: 172.058 GC heap after
{Heap after GC invocations=63 (full 3):
 PSYoungGen      total 22528K, used 1014K [0x00000000d5580000, 0x00000000d6e00000, 0x0000000100000000)
  eden space 21504K, 0% used [0x00000000d5580000,0x00000000d5580000,0x00000000d6a80000)
  from space 1024K, 99% used [0x00000000d6d00000,0x00000000d6dfd8b0,0x00000000d6e00000)
  to   space 1536K, 0% used [0x00000000d6b00000,0x00000000d6b00000,0x00000000d6c80000)
 ParOldGen       total 68608K, used 68360K [0x0000000080000000, 0x0000000084300000, 0x00000000d5580000)
  object space 68608K, 99% used [0x0000000080000000,0x00000000842c2250,0x0000000084300000)
 Metaspace       used 65616K, committed 67072K, reserved 1114112K
  class space    used 7105K, committed 7744K, reserved 1048576K
}
Event: 172.283 GC heap before
{Heap before GC invocations=64 (full 3):
 PSYoungGen      total 22528K, used 22518K [0x00000000d5580000, 0x00000000d6e00000, 0x0000000100000000)
  eden space 21504K, 100% used [0x00000000d5580000,0x00000000d6a80000,0x00000000d6a80000)
  from space 1024K, 99% used [0x00000000d6d00000,0x00000000d6dfd8b0,0x00000000d6e00000)
  to   space 1536K, 0% used [0x00000000d6b00000,0x00000000d6b00000,0x00000000d6c80000)
 ParOldGen       total 68608K, used 68360K [0x0000000080000000, 0x0000000084300000, 0x00000000d5580000)
  object space 68608K, 99% used [0x0000000080000000,0x00000000842c2250,0x0000000084300000)
 Metaspace       used 65617K, committed 67072K, reserved 1114112K
  class space    used 7105K, committed 7744K, reserved 1048576K
}
Event: 172.291 GC heap after
{Heap after GC invocations=64 (full 3):
 PSYoungGen      total 23040K, used 1308K [0x00000000d5580000, 0x00000000d6d80000, 0x0000000100000000)
  eden space 21504K, 0% used [0x00000000d5580000,0x00000000d5580000,0x00000000d6a80000)
  from space 1536K, 85% used [0x00000000d6b00000,0x00000000d6c472d8,0x00000000d6c80000)
  to   space 1024K, 0% used [0x00000000d6c80000,0x00000000d6c80000,0x00000000d6d80000)
 ParOldGen       total 69632K, used 69235K [0x0000000080000000, 0x0000000084400000, 0x00000000d5580000)
  object space 69632K, 99% used [0x0000000080000000,0x000000008439cea0,0x0000000084400000)
 Metaspace       used 65617K, committed 67072K, reserved 1114112K
  class space    used 7105K, committed 7744K, reserved 1048576K
}
Event: 172.482 GC heap before
{Heap before GC invocations=65 (full 3):
 PSYoungGen      total 23040K, used 22812K [0x00000000d5580000, 0x00000000d6d80000, 0x0000000100000000)
  eden space 21504K, 100% used [0x00000000d5580000,0x00000000d6a80000,0x00000000d6a80000)
  from space 1536K, 85% used [0x00000000d6b00000,0x00000000d6c472d8,0x00000000d6c80000)
  to   space 1024K, 0% used [0x00000000d6c80000,0x00000000d6c80000,0x00000000d6d80000)
 ParOldGen       total 69632K, used 69235K [0x0000000080000000, 0x0000000084400000, 0x00000000d5580000)
  object space 69632K, 99% used [0x0000000080000000,0x000000008439cea0,0x0000000084400000)
 Metaspace       used 65622K, committed 67072K, reserved 1114112K
  class space    used 7105K, committed 7744K, reserved 1048576K
}
Event: 172.488 GC heap after
{Heap after GC invocations=65 (full 3):
 PSYoungGen      total 22016K, used 994K [0x00000000d5580000, 0x00000000d6f80000, 0x0000000100000000)
  eden space 20992K, 0% used [0x00000000d5580000,0x00000000d5580000,0x00000000d6a00000)
  from space 1024K, 97% used [0x00000000d6c80000,0x00000000d6d78998,0x00000000d6d80000)
  to   space 2560K, 0% used [0x00000000d6a00000,0x00000000d6a00000,0x00000000d6c80000)
 ParOldGen       total 70656K, used 70453K [0x0000000080000000, 0x0000000084500000, 0x00000000d5580000)
  object space 70656K, 99% used [0x0000000080000000,0x00000000844cd778,0x0000000084500000)
 Metaspace       used 65622K, committed 67072K, reserved 1114112K
  class space    used 7105K, committed 7744K, reserved 1048576K
}
Event: 172.823 GC heap before
{Heap before GC invocations=66 (full 3):
 PSYoungGen      total 22016K, used 21986K [0x00000000d5580000, 0x00000000d6f80000, 0x0000000100000000)
  eden space 20992K, 100% used [0x00000000d5580000,0x00000000d6a00000,0x00000000d6a00000)
  from space 1024K, 97% used [0x00000000d6c80000,0x00000000d6d78998,0x00000000d6d80000)
  to   space 2560K, 0% used [0x00000000d6a00000,0x00000000d6a00000,0x00000000d6c80000)
 ParOldGen       total 70656K, used 70453K [0x0000000080000000, 0x0000000084500000, 0x00000000d5580000)
  object space 70656K, 99% used [0x0000000080000000,0x00000000844cd778,0x0000000084500000)
 Metaspace       used 65626K, committed 67072K, reserved 1114112K
  class space    used 7105K, committed 7744K, reserved 1048576K
}
Event: 172.829 GC heap after
{Heap after GC invocations=66 (full 3):
 PSYoungGen      total 23552K, used 2082K [0x00000000d5580000, 0x00000000d6f00000, 0x0000000100000000)
  eden space 20992K, 0% used [0x00000000d5580000,0x00000000d5580000,0x00000000d6a00000)
  from space 2560K, 81% used [0x00000000d6a00000,0x00000000d6c089a0,0x00000000d6c80000)
  to   space 2560K, 0% used [0x00000000d6c80000,0x00000000d6c80000,0x00000000d6f00000)
 ParOldGen       total 71680K, used 71420K [0x0000000080000000, 0x0000000084600000, 0x00000000d5580000)
  object space 71680K, 99% used [0x0000000080000000,0x00000000845bf320,0x0000000084600000)
 Metaspace       used 65626K, committed 67072K, reserved 1114112K
  class space    used 7105K, committed 7744K, reserved 1048576K
}
Event: 173.513 GC heap before
{Heap before GC invocations=67 (full 3):
 PSYoungGen      total 23552K, used 23074K [0x00000000d5580000, 0x00000000d6f00000, 0x0000000100000000)
  eden space 20992K, 100% used [0x00000000d5580000,0x00000000d6a00000,0x00000000d6a00000)
  from space 2560K, 81% used [0x00000000d6a00000,0x00000000d6c089a0,0x00000000d6c80000)
  to   space 2560K, 0% used [0x00000000d6c80000,0x00000000d6c80000,0x00000000d6f00000)
 ParOldGen       total 71680K, used 71420K [0x0000000080000000, 0x0000000084600000, 0x00000000d5580000)
  object space 71680K, 99% used [0x0000000080000000,0x00000000845bf320,0x0000000084600000)
 Metaspace       used 65978K, committed 67456K, reserved 1114112K
  class space    used 7135K, committed 7744K, reserved 1048576K
}
Event: 173.532 GC heap after
{Heap after GC invocations=67 (full 3):
 PSYoungGen      total 16384K, used 2541K [0x00000000d5580000, 0x00000000d7d00000, 0x0000000100000000)
  eden space 13824K, 0% used [0x00000000d5580000,0x00000000d5580000,0x00000000d6300000)
  from space 2560K, 99% used [0x00000000d6c80000,0x00000000d6efb768,0x00000000d6f00000)
  to   space 9728K, 0% used [0x00000000d6300000,0x00000000d6300000,0x00000000d6c80000)
 ParOldGen       total 77824K, used 77407K [0x0000000080000000, 0x0000000084c00000, 0x00000000d5580000)
  object space 77824K, 99% used [0x0000000080000000,0x0000000084b97e70,0x0000000084c00000)
 Metaspace       used 65978K, committed 67456K, reserved 1114112K
  class space    used 7135K, committed 7744K, reserved 1048576K
}
Event: 173.734 GC heap before
{Heap before GC invocations=68 (full 3):
 PSYoungGen      total 16384K, used 16365K [0x00000000d5580000, 0x00000000d7d00000, 0x0000000100000000)
  eden space 13824K, 100% used [0x00000000d5580000,0x00000000d6300000,0x00000000d6300000)
  from space 2560K, 99% used [0x00000000d6c80000,0x00000000d6efb768,0x00000000d6f00000)
  to   space 9728K, 0% used [0x00000000d6300000,0x00000000d6300000,0x00000000d6c80000)
 ParOldGen       total 77824K, used 77407K [0x0000000080000000, 0x0000000084c00000, 0x00000000d5580000)
  object space 77824K, 99% used [0x0000000080000000,0x0000000084b97e70,0x0000000084c00000)
 Metaspace       used 66013K, committed 67456K, reserved 1114112K
  class space    used 7139K, committed 7744K, reserved 1048576K
}
Event: 173.739 GC heap after
{Heap after GC invocations=68 (full 3):
 PSYoungGen      total 15360K, used 1216K [0x00000000d5580000, 0x00000000d6d00000, 0x0000000100000000)
  eden space 13824K, 0% used [0x00000000d5580000,0x00000000d5580000,0x00000000d6300000)
  from space 1536K, 79% used [0x00000000d6300000,0x00000000d6430000,0x00000000d6480000)
  to   space 4096K, 0% used [0x00000000d6900000,0x00000000d6900000,0x00000000d6d00000)
 ParOldGen       total 80896K, used 79993K [0x0000000080000000, 0x0000000084f00000, 0x00000000d5580000)
  object space 80896K, 98% used [0x0000000080000000,0x0000000084e1e5a0,0x0000000084f00000)
 Metaspace       used 66013K, committed 67456K, reserved 1114112K
  class space    used 7139K, committed 7744K, reserved 1048576K
}
Event: 174.310 GC heap before
{Heap before GC invocations=69 (full 3):
 PSYoungGen      total 15360K, used 15040K [0x00000000d5580000, 0x00000000d6d00000, 0x0000000100000000)
  eden space 13824K, 100% used [0x00000000d5580000,0x00000000d6300000,0x00000000d6300000)
  from space 1536K, 79% used [0x00000000d6300000,0x00000000d6430000,0x00000000d6480000)
  to   space 4096K, 0% used [0x00000000d6900000,0x00000000d6900000,0x00000000d6d00000)
 ParOldGen       total 80896K, used 79993K [0x0000000080000000, 0x0000000084f00000, 0x00000000d5580000)
  object space 80896K, 98% used [0x0000000080000000,0x0000000084e1e5a0,0x0000000084f00000)
 Metaspace       used 66810K, committed 68288K, reserved 1114112K
  class space    used 7247K, committed 7872K, reserved 1048576K
}
Event: 174.318 GC heap after
{Heap after GC invocations=69 (full 3):
 PSYoungGen      total 16896K, used 2626K [0x00000000d5580000, 0x00000000d6c00000, 0x0000000100000000)
  eden space 13824K, 0% used [0x00000000d5580000,0x00000000d5580000,0x00000000d6300000)
  from space 3072K, 85% used [0x00000000d6900000,0x00000000d6b90be8,0x00000000d6c00000)
  to   space 3072K, 0% used [0x00000000d6600000,0x00000000d6600000,0x00000000d6900000)
 ParOldGen       total 81408K, used 81145K [0x0000000080000000, 0x0000000084f80000, 0x00000000d5580000)
  object space 81408K, 99% used [0x0000000080000000,0x0000000084f3e5b0,0x0000000084f80000)
 Metaspace       used 66810K, committed 68288K, reserved 1114112K
  class space    used 7247K, committed 7872K, reserved 1048576K
}
Event: 6510.774 GC heap before
{Heap before GC invocations=70 (full 3):
 PSYoungGen      total 16896K, used 16450K [0x00000000d5580000, 0x00000000d6c00000, 0x0000000100000000)
  eden space 13824K, 100% used [0x00000000d5580000,0x00000000d6300000,0x00000000d6300000)
  from space 3072K, 85% used [0x00000000d6900000,0x00000000d6b90be8,0x00000000d6c00000)
  to   space 3072K, 0% used [0x00000000d6600000,0x00000000d6600000,0x00000000d6900000)
 ParOldGen       total 81408K, used 81145K [0x0000000080000000, 0x0000000084f80000, 0x00000000d5580000)
  object space 81408K, 99% used [0x0000000080000000,0x0000000084f3e5b0,0x0000000084f80000)
 Metaspace       used 68424K, committed 69888K, reserved 1114112K
  class space    used 7396K, committed 8000K, reserved 1048576K
}
Event: 6510.846 GC heap after
{Heap after GC invocations=70 (full 3):
 PSYoungGen      total 15360K, used 1129K [0x00000000d5580000, 0x00000000d6980000, 0x0000000100000000)
  eden space 13824K, 0% used [0x00000000d5580000,0x00000000d5580000,0x00000000d6300000)
  from space 1536K, 73% used [0x00000000d6600000,0x00000000d671a480,0x00000000d6780000)
  to   space 2048K, 0% used [0x00000000d6780000,0x00000000d6780000,0x00000000d6980000)
 ParOldGen       total 83968K, used 83641K [0x0000000080000000, 0x0000000085200000, 0x00000000d5580000)
  object space 83968K, 99% used [0x0000000080000000,0x00000000851ae5c0,0x0000000085200000)
 Metaspace       used 68424K, committed 69888K, reserved 1114112K
  class space    used 7396K, committed 8000K, reserved 1048576K
}
Event: 6515.416 GC heap before
{Heap before GC invocations=71 (full 3):
 PSYoungGen      total 15360K, used 14953K [0x00000000d5580000, 0x00000000d6980000, 0x0000000100000000)
  eden space 13824K, 100% used [0x00000000d5580000,0x00000000d6300000,0x00000000d6300000)
  from space 1536K, 73% used [0x00000000d6600000,0x00000000d671a480,0x00000000d6780000)
  to   space 2048K, 0% used [0x00000000d6780000,0x00000000d6780000,0x00000000d6980000)
 ParOldGen       total 83968K, used 83641K [0x0000000080000000, 0x0000000085200000, 0x00000000d5580000)
  object space 83968K, 99% used [0x0000000080000000,0x00000000851ae5c0,0x0000000085200000)
 Metaspace       used 69022K, committed 70528K, reserved 1114112K
  class space    used 7485K, committed 8128K, reserved 1048576K
}
Event: 6515.422 GC heap after
{Heap after GC invocations=71 (full 3):
 PSYoungGen      total 15360K, used 1504K [0x00000000d5580000, 0x00000000d6900000, 0x0000000100000000)
  eden space 13824K, 0% used [0x00000000d5580000,0x00000000d5580000,0x00000000d6300000)
  from space 1536K, 97% used [0x00000000d6780000,0x00000000d68f8020,0x00000000d6900000)
  to   space 2048K, 0% used [0x00000000d6500000,0x00000000d6500000,0x00000000d6700000)
 ParOldGen       total 84480K, used 84449K [0x0000000080000000, 0x0000000085280000, 0x00000000d5580000)
  object space 84480K, 99% used [0x0000000080000000,0x00000000852784a8,0x0000000085280000)
 Metaspace       used 69022K, committed 70528K, reserved 1114112K
  class space    used 7485K, committed 8128K, reserved 1048576K
}
Event: 6515.900 GC heap before
{Heap before GC invocations=72 (full 3):
 PSYoungGen      total 15360K, used 15328K [0x00000000d5580000, 0x00000000d6900000, 0x0000000100000000)
  eden space 13824K, 100% used [0x00000000d5580000,0x00000000d6300000,0x00000000d6300000)
  from space 1536K, 97% used [0x00000000d6780000,0x00000000d68f8020,0x00000000d6900000)
  to   space 2048K, 0% used [0x00000000d6500000,0x00000000d6500000,0x00000000d6700000)
 ParOldGen       total 84480K, used 84449K [0x0000000080000000, 0x0000000085280000, 0x00000000d5580000)
  object space 84480K, 99% used [0x0000000080000000,0x00000000852784a8,0x0000000085280000)
 Metaspace       used 69550K, committed 71104K, reserved 1114112K
  class space    used 7543K, committed 8192K, reserved 1048576K
}
Event: 6515.903 GC heap after
{Heap after GC invocations=72 (full 3):
 PSYoungGen      total 14848K, used 869K [0x00000000d5580000, 0x00000000d6800000, 0x0000000100000000)
  eden space 13824K, 0% used [0x00000000d5580000,0x00000000d5580000,0x00000000d6300000)
  from space 1024K, 84% used [0x00000000d6500000,0x00000000d65d9420,0x00000000d6600000)
  to   space 1536K, 0% used [0x00000000d6680000,0x00000000d6680000,0x00000000d6800000)
 ParOldGen       total 86016K, used 85617K [0x0000000080000000, 0x0000000085400000, 0x00000000d5580000)
  object space 86016K, 99% used [0x0000000080000000,0x000000008539c528,0x0000000085400000)
 Metaspace       used 69550K, committed 71104K, reserved 1114112K
  class space    used 7543K, committed 8192K, reserved 1048576K
}

Dll operation events (12 events):
Event: 0.026 Loaded shared library c:\Users\diksh\.vscode\extensions\redhat.java-1.54.0-win32-x64\jre\21.0.10-win32-x86_64\bin\java.dll
Event: 0.193 Loaded shared library c:\Users\diksh\.vscode\extensions\redhat.java-1.54.0-win32-x64\jre\21.0.10-win32-x86_64\bin\zip.dll
Event: 0.244 Loaded shared library C:\Users\diksh\.vscode\extensions\redhat.java-1.54.0-win32-x64\jre\21.0.10-win32-x86_64\bin\instrument.dll
Event: 0.259 Loaded shared library C:\Users\diksh\.vscode\extensions\redhat.java-1.54.0-win32-x64\jre\21.0.10-win32-x86_64\bin\net.dll
Event: 0.266 Loaded shared library C:\Users\diksh\.vscode\extensions\redhat.java-1.54.0-win32-x64\jre\21.0.10-win32-x86_64\bin\nio.dll
Event: 0.274 Loaded shared library C:\Users\diksh\.vscode\extensions\redhat.java-1.54.0-win32-x64\jre\21.0.10-win32-x86_64\bin\zip.dll
Event: 0.322 Loaded shared library C:\Users\diksh\.vscode\extensions\redhat.java-1.54.0-win32-x64\jre\21.0.10-win32-x86_64\bin\jimage.dll
Event: 0.498 Loaded shared library c:\Users\diksh\.vscode\extensions\redhat.java-1.54.0-win32-x64\jre\21.0.10-win32-x86_64\bin\verify.dll
Event: 21.496 Loaded shared library C:\Users\diksh\AppData\Roaming\Code\User\globalStorage\redhat.java\1.54.0\config_win\org.eclipse.equinox.launcher\org.eclipse.equinox.launcher.win32.win32.x86_64_1.3.0.v20260203-2149\eclipse_11919.dll
Event: 42.381 Loaded shared library C:\Users\diksh\AppData\Local\Temp\jna-95586651\jna13186122328146454862.dll
Event: 58.153 Loaded shared library C:\Users\diksh\.vscode\extensions\redhat.java-1.54.0-win32-x64\jre\21.0.10-win32-x86_64\bin\sunmscapi.dll
Event: 59.319 Loaded shared library C:\Users\diksh\.vscode\extensions\redhat.java-1.54.0-win32-x64\jre\21.0.10-win32-x86_64\bin\extnet.dll

Deoptimization events (20 events):
Event: 6809.876 Thread 0x0000024dd9b5ec30 Uncommon trap: trap_request=0xffffffc6 fr.pc=0x0000024d8ad2efd8 relative=0x00000000000013b8
Event: 6809.876 Thread 0x0000024dd9b5ec30 Uncommon trap: reason=bimorphic_or_optimized_type_check action=maybe_recompile pc=0x0000024d8ad2efd8 method=java.io.DataOutputStream.write([BII)V @ 7 c2
Event: 6809.876 Thread 0x0000024dd9b5ec30 DEOPT PACKING pc=0x0000024d8ad2efd8 sp=0x00000078d42fea40
Event: 6809.876 Thread 0x0000024dd9b5ec30 DEOPT UNPACKING pc=0x0000024d8a6c3aa2 sp=0x00000078d42fe9a0 mode 2
Event: 6809.876 Thread 0x0000024dd9b5ec30 Uncommon trap: trap_request=0xffffffc6 fr.pc=0x0000024d8ad2efd8 relative=0x00000000000013b8
Event: 6809.876 Thread 0x0000024dd9b5ec30 Uncommon trap: reason=bimorphic_or_optimized_type_check action=maybe_recompile pc=0x0000024d8ad2efd8 method=java.io.DataOutputStream.write([BII)V @ 7 c2
Event: 6809.876 Thread 0x0000024dd9b5ec30 DEOPT PACKING pc=0x0000024d8ad2efd8 sp=0x00000078d42fe990
Event: 6809.876 Thread 0x0000024dd9b5ec30 DEOPT UNPACKING pc=0x0000024d8a6c3aa2 sp=0x00000078d42fe8f0 mode 2
Event: 6809.876 Thread 0x0000024dd9b5ec30 Uncommon trap: trap_request=0xffffffc6 fr.pc=0x0000024d8ad2efd8 relative=0x00000000000013b8
Event: 6809.876 Thread 0x0000024dd9b5ec30 Uncommon trap: reason=bimorphic_or_optimized_type_check action=maybe_recompile pc=0x0000024d8ad2efd8 method=java.io.DataOutputStream.write([BII)V @ 7 c2
Event: 6809.876 Thread 0x0000024dd9b5ec30 DEOPT PACKING pc=0x0000024d8ad2efd8 sp=0x00000078d42fe8d0
Event: 6809.876 Thread 0x0000024dd9b5ec30 DEOPT UNPACKING pc=0x0000024d8a6c3aa2 sp=0x00000078d42fe830 mode 2
Event: 6809.876 Thread 0x0000024dd9b5ec30 Uncommon trap: trap_request=0xffffffc6 fr.pc=0x0000024d8add5224 relative=0x0000000000000a24
Event: 6809.877 Thread 0x0000024dd9b5ec30 Uncommon trap: reason=bimorphic_or_optimized_type_check action=maybe_recompile pc=0x0000024d8add5224 method=java.io.DataOutputStream.writeInt(I)V @ 19 c2
Event: 6809.877 Thread 0x0000024dd9b5ec30 DEOPT PACKING pc=0x0000024d8add5224 sp=0x00000078d42fe600
Event: 6809.877 Thread 0x0000024dd9b5ec30 DEOPT UNPACKING pc=0x0000024d8a6c3aa2 sp=0x00000078d42fe5f8 mode 2
Event: 6809.877 Thread 0x0000024dd9b5ec30 Uncommon trap: trap_request=0xffffffc6 fr.pc=0x0000024d8add5224 relative=0x0000000000000a24
Event: 6809.877 Thread 0x0000024dd9b5ec30 Uncommon trap: reason=bimorphic_or_optimized_type_check action=maybe_recompile pc=0x0000024d8add5224 method=java.io.DataOutputStream.writeInt(I)V @ 19 c2
Event: 6809.877 Thread 0x0000024dd9b5ec30 DEOPT PACKING pc=0x0000024d8add5224 sp=0x00000078d42fe5a0
Event: 6809.877 Thread 0x0000024dd9b5ec30 DEOPT UNPACKING pc=0x0000024d8a6c3aa2 sp=0x00000078d42fe598 mode 2

Classes loaded (20 events):
Event: 6510.083 Loading class java/util/zip/CheckedInputStream
Event: 6510.084 Loading class java/util/zip/CheckedInputStream done
Event: 6515.956 Loading class java/nio/BufferMismatch
Event: 6515.956 Loading class java/nio/BufferMismatch done
Event: 6809.415 Loading class java/util/stream/Nodes$CollectorTask$OfRef
Event: 6809.425 Loading class java/util/stream/Nodes$CollectorTask
Event: 6809.437 Loading class java/util/stream/Nodes$CollectorTask done
Event: 6809.438 Loading class java/util/stream/Nodes$CollectorTask$OfRef done
Event: 6809.443 Loading class java/util/function/LongFunction
Event: 6809.445 Loading class java/util/function/LongFunction done
Event: 6809.448 Loading class java/util/stream/Nodes$ConcNode
Event: 6809.450 Loading class java/util/stream/Nodes$AbstractConcNode
Event: 6809.454 Loading class java/util/stream/Nodes$AbstractConcNode done
Event: 6809.454 Loading class java/util/stream/Nodes$ConcNode done
Event: 6809.676 Loading class java/io/ObjectOutputStream$BlockDataOutputStream
Event: 6809.679 Loading class java/io/ObjectOutputStream$BlockDataOutputStream done
Event: 6809.679 Loading class java/io/ObjectOutputStream$HandleTable
Event: 6809.680 Loading class java/io/ObjectOutputStream$HandleTable done
Event: 6809.681 Loading class java/io/ObjectOutputStream$ReplaceTable
Event: 6809.683 Loading class java/io/ObjectOutputStream$ReplaceTable done

Classes unloaded (11 events):
Event: 43.619 Thread 0x0000024d969d50d0 Unloading class 0x0000024d981a5400 'java/lang/invoke/LambdaForm$MH+0x0000024d981a5400'
Event: 43.619 Thread 0x0000024d969d50d0 Unloading class 0x0000024d981a5000 'java/lang/invoke/LambdaForm$MH+0x0000024d981a5000'
Event: 43.619 Thread 0x0000024d969d50d0 Unloading class 0x0000024d981a4c00 'java/lang/invoke/LambdaForm$MH+0x0000024d981a4c00'
Event: 43.619 Thread 0x0000024d969d50d0 Unloading class 0x0000024d981a4800 'java/lang/invoke/LambdaForm$MH+0x0000024d981a4800'
Event: 43.619 Thread 0x0000024d969d50d0 Unloading class 0x0000024d981a4400 'java/lang/invoke/LambdaForm$BMH+0x0000024d981a4400'
Event: 43.619 Thread 0x0000024d969d50d0 Unloading class 0x0000024d981a4000 'java/lang/invoke/LambdaForm$DMH+0x0000024d981a4000'
Event: 43.619 Thread 0x0000024d969d50d0 Unloading class 0x0000024d981a2c00 'java/lang/invoke/LambdaForm$DMH+0x0000024d981a2c00'
Event: 73.335 Thread 0x0000024d969d50d0 Unloading class 0x0000024d986dd000 'java/lang/invoke/LambdaForm$DMH+0x0000024d986dd000'
Event: 73.335 Thread 0x0000024d969d50d0 Unloading class 0x0000024d986dcc00 'java/lang/invoke/LambdaForm$DMH+0x0000024d986dcc00'
Event: 73.335 Thread 0x0000024d969d50d0 Unloading class 0x0000024d986dc800 'java/lang/invoke/LambdaForm$DMH+0x0000024d986dc800'
Event: 73.335 Thread 0x0000024d969d50d0 Unloading class 0x0000024d986dc000 'java/lang/invoke/LambdaForm$DMH+0x0000024d986dc000'

Classes redefined (0 events):
No events

Internal exceptions (20 events):
Event: 6510.038 Thread 0x0000024dd9b5f950 Implicit null exception at 0x0000024d8b2fb6ce to 0x0000024d8b2fbc48
Event: 6511.021 Thread 0x0000024dd9b5ec30 Implicit null exception at 0x0000024d8b2f987e to 0x0000024d8b2f9b90
Event: 6511.217 Thread 0x0000024dd9b5ec30 Exception <a 'java/lang/NoSuchMethodError'{0x00000000d583ead8}: 'java.lang.Object java.lang.invoke.DirectMethodHandle$Holder.newInvokeSpecial(java.lang.Object, java.lang.Object, int, java.lang.Object, java.lang.Object)'> (0x00000000d583ead8) 
thrown [s\src\hotspot\share\interpreter\linkResolver.cpp, line 773]
Event: 6511.256 Thread 0x0000024dd9b5ec30 Exception <a 'java/lang/NoSuchMethodError'{0x00000000d5858420}: 'java.lang.Object java.lang.invoke.DirectMethodHandle$Holder.invokeSpecial(java.lang.Object, java.lang.Object, java.lang.Object, int, java.lang.Object, java.lang.Object, java.lang.Object)'> (0x00000000d5858420) 
thrown [s\src\hotspot\share\interpreter\linkResolver.cpp, line 773]
Event: 6511.262 Thread 0x0000024dd9b5ec30 Exception <a 'java/lang/NoSuchMethodError'{0x00000000d58605b8}: 'java.lang.Object java.lang.invoke.DirectMethodHandle$Holder.invokeStatic(java.lang.Object, java.lang.Object, int, java.lang.Object, java.lang.Object)'> (0x00000000d58605b8) 
thrown [s\src\hotspot\share\interpreter\linkResolver.cpp, line 773]
Event: 6511.407 Thread 0x0000024dd9b5ec30 Exception <a 'java/lang/NoSuchMethodError'{0x00000000d58e42c0}: 'void java.lang.invoke.DirectMethodHandle$Holder.invokeStatic(java.lang.Object, int)'> (0x00000000d58e42c0) 
thrown [s\src\hotspot\share\interpreter\linkResolver.cpp, line 773]
Event: 6511.508 Thread 0x0000024dd9b5ec30 Exception <a 'sun/nio/fs/WindowsException'{0x00000000d590db08}> (0x00000000d590db08) 
thrown [s\src\hotspot\share\prims\jni.cpp, line 520]
Event: 6514.402 Thread 0x0000024dd9b5ec30 Exception <a 'sun/nio/fs/WindowsException'{0x00000000d5971cd0}> (0x00000000d5971cd0) 
thrown [s\src\hotspot\share\prims\jni.cpp, line 520]
Event: 6514.452 Thread 0x0000024dd9b5ec30 Exception <a 'sun/nio/fs/WindowsException'{0x00000000d59907b8}> (0x00000000d59907b8) 
thrown [s\src\hotspot\share\prims\jni.cpp, line 520]
Event: 6514.469 Thread 0x0000024dd9b5ec30 Exception <a 'sun/nio/fs/WindowsException'{0x00000000d5994918}> (0x00000000d5994918) 
thrown [s\src\hotspot\share\prims\jni.cpp, line 520]
Event: 6515.337 Thread 0x0000024dd9b5ec30 Exception <a 'java/io/FileNotFoundException'{0x00000000d610fa18}> (0x00000000d610fa18) 
thrown [s\src\hotspot\share\prims\jni.cpp, line 520]
Event: 6515.337 Thread 0x0000024dd9b5ec30 Exception <a 'java/io/FileNotFoundException'{0x00000000d6110cb0}> (0x00000000d6110cb0) 
thrown [s\src\hotspot\share\prims\jni.cpp, line 520]
Event: 6515.338 Thread 0x0000024dd9b5ec30 Exception <a 'java/io/FileNotFoundException'{0x00000000d6111ca0}> (0x00000000d6111ca0) 
thrown [s\src\hotspot\share\prims\jni.cpp, line 520]
Event: 6515.413 Thread 0x0000024dd9b5ec30 Implicit null exception at 0x0000024d8b14a795 to 0x0000024d8b14ad84
Event: 6515.629 Thread 0x0000024dd9b5ec30 Implicit null exception at 0x0000024d8af44edf to 0x0000024d8af45c14
Event: 6809.623 Thread 0x0000024dd9b5ec30 Exception <a 'sun/nio/fs/WindowsException'{0x00000000d6134640}> (0x00000000d6134640) 
thrown [s\src\hotspot\share\prims\jni.cpp, line 520]
Event: 6809.626 Thread 0x0000024dd9b5ec30 Exception <a 'sun/nio/fs/WindowsException'{0x00000000d6134f18}> (0x00000000d6134f18) 
thrown [s\src\hotspot\share\prims\jni.cpp, line 520]
Event: 6809.637 Thread 0x0000024dd9b5ec30 Implicit null exception at 0x0000024d8b1d5306 to 0x0000024d8b1d568c
Event: 6809.839 Thread 0x0000024dd9b5ec30 Exception <a 'java/lang/NoSuchMethodError'{0x00000000d61c9418}: static [J.<clinit>()V> (0x00000000d61c9418) 
thrown [s\src\hotspot\share\prims\jni.cpp, line 1111]
Event: 6809.892 Thread 0x0000024dd9b5ec30 Exception <a 'java/lang/NoSuchMethodError'{0x00000000d61f42c0}: 'java.lang.Object java.lang.invoke.DirectMethodHandle$Holder.newInvokeSpecial(java.lang.Object, java.lang.Object, java.lang.Object, java.lang.Object, java.lang.Object, java.lang.Object, java.lang.Object, java.lang.Object)'> (0x00000000d61f42c0) 
thrown [s\src\hotspot\share\interpreter\linkResolver.cpp, line 773]

ZGC Phase Switch (0 events):
No events

VM Operations (20 events):
Event: 6514.881 Executing safepoint VM operation: Cleanup
Event: 6514.881 Executing safepoint VM operation: Cleanup done
Event: 6515.416 Executing safepoint VM operation: ParallelGCFailedAllocation (Allocation Failure)
Event: 6515.422 Executing safepoint VM operation: ParallelGCFailedAllocation (Allocation Failure) done
Event: 6515.899 Executing safepoint VM operation: ParallelGCFailedAllocation (Allocation Failure)
Event: 6515.903 Executing safepoint VM operation: ParallelGCFailedAllocation (Allocation Failure) done
Event: 6516.918 Executing safepoint VM operation: Cleanup
Event: 6516.918 Executing safepoint VM operation: Cleanup done
Event: 6531.713 Executing non-safepoint VM operation: HandshakeAllThreads (HandshakeForDeflation)
Event: 6531.713 Executing non-safepoint VM operation: HandshakeAllThreads (HandshakeForDeflation) done
Event: 6531.713 Executing non-safepoint VM operation: RendezvousGCThreads
Event: 6531.713 Executing non-safepoint VM operation: RendezvousGCThreads done
Event: 6809.784 Executing safepoint VM operation: Cleanup
Event: 6809.785 Executing safepoint VM operation: Cleanup done
Event: 6810.791 Executing safepoint VM operation: Cleanup
Event: 6810.791 Executing safepoint VM operation: Cleanup done
Event: 6832.314 Executing non-safepoint VM operation: HandshakeAllThreads (HandshakeForDeflation)
Event: 6832.314 Executing non-safepoint VM operation: HandshakeAllThreads (HandshakeForDeflation) done
Event: 6832.314 Executing non-safepoint VM operation: RendezvousGCThreads
Event: 6832.314 Executing non-safepoint VM operation: RendezvousGCThreads done

Memory protections (0 events):
No events

Nmethod flushes (20 events):
Event: 73.380 Thread 0x0000024d969d50d0 flushing  nmethod 0x0000024d83a9c810
Event: 73.380 Thread 0x0000024d969d50d0 flushing  nmethod 0x0000024d83a9f690
Event: 73.380 Thread 0x0000024d969d50d0 flushing  nmethod 0x0000024d83aa2610
Event: 73.380 Thread 0x0000024d969d50d0 flushing  nmethod 0x0000024d83aab290
Event: 73.380 Thread 0x0000024d969d50d0 flushing  nmethod 0x0000024d83aac890
Event: 73.380 Thread 0x0000024d969d50d0 flushing  nmethod 0x0000024d83aae090
Event: 73.380 Thread 0x0000024d969d50d0 flushing  nmethod 0x0000024d83aae490
Event: 73.380 Thread 0x0000024d969d50d0 flushing  nmethod 0x0000024d83aae890
Event: 73.380 Thread 0x0000024d969d50d0 flushing  nmethod 0x0000024d83aaed10
Event: 73.380 Thread 0x0000024d969d50d0 flushing  nmethod 0x0000024d83ab5210
Event: 73.380 Thread 0x0000024d969d50d0 flushing  nmethod 0x0000024d83ab6690
Event: 73.380 Thread 0x0000024d969d50d0 flushing  nmethod 0x0000024d83ab6c90
Event: 73.380 Thread 0x0000024d969d50d0 flushing  nmethod 0x0000024d83ab7090
Event: 73.380 Thread 0x0000024d969d50d0 flushing  nmethod 0x0000024d83ab7510
Event: 73.380 Thread 0x0000024d969d50d0 flushing  nmethod 0x0000024d83ab8a90
Event: 73.380 Thread 0x0000024d969d50d0 flushing  nmethod 0x0000024d83ab9090
Event: 73.380 Thread 0x0000024d969d50d0 flushing  nmethod 0x0000024d83ab9610
Event: 73.380 Thread 0x0000024d969d50d0 flushing  nmethod 0x0000024d83ab9c10
Event: 73.380 Thread 0x0000024d969d50d0 flushing  nmethod 0x0000024d83ae4190
Event: 73.380 Thread 0x0000024d969d50d0 flushing  nmethod 0x0000024d83b46710

Events (20 events):
Event: 714.745 Thread 0x0000024de11fad50 Thread exited: 0x0000024de11fad50
Event: 774.758 Thread 0x0000024de11fa030 Thread exited: 0x0000024de11fa030
Event: 6512.527 Thread 0x0000024dd9b5f950 Thread added: 0x0000024de11fba70
Event: 6515.429 Thread 0x0000024dd9b5ec30 Thread added: 0x0000024de11fa030
Event: 6515.430 Thread 0x0000024dd9b5ec30 Thread added: 0x0000024de11fc100
Event: 6515.430 Thread 0x0000024dd9b5ec30 Thread added: 0x0000024de11fa6c0
Event: 6515.430 Thread 0x0000024dd9b5ec30 Thread added: 0x0000024de11fad50
Event: 6515.430 Thread 0x0000024dd9b5ec30 Thread added: 0x0000024de11f99a0
Event: 6515.601 Thread 0x0000024de11fa030 Thread exited: 0x0000024de11fa030
Event: 6515.601 Thread 0x0000024de11f99a0 Thread exited: 0x0000024de11f99a0
Event: 6515.601 Thread 0x0000024de11fc100 Thread exited: 0x0000024de11fc100
Event: 6515.601 Thread 0x0000024de11fa6c0 Thread exited: 0x0000024de11fa6c0
Event: 6515.601 Thread 0x0000024de11fad50 Thread exited: 0x0000024de11fad50
Event: 6515.638 Thread 0x0000024dd9b1d920 Thread added: 0x0000024de189bc20
Event: 6521.071 Thread 0x0000024de189bc20 Thread exited: 0x0000024de189bc20
Event: 6572.547 Thread 0x0000024de11fba70 Thread exited: 0x0000024de11fba70
Event: 6809.375 Thread 0x0000024dd9b5ec30 Thread added: 0x0000024de11f9310
Event: 6809.463 Thread 0x0000024de11f9310 Thread exited: 0x0000024de11f9310
Event: 6809.649 Thread 0x0000024dd9b5ec30 Thread added: 0x0000024de11fc790
Event: 6809.656 Thread 0x0000024de11fc790 Thread exited: 0x0000024de11fc790


Dynamic libraries:
0x00007ff6d40b0000 - 0x00007ff6d40be000 	c:\Users\diksh\.vscode\extensions\redhat.java-1.54.0-win32-x64\jre\21.0.10-win32-x86_64\bin\java.exe
0x00007ff98c180000 - 0x00007ff98c3e7000 	C:\WINDOWS\SYSTEM32\ntdll.dll
0x00007ff98a910000 - 0x00007ff98a9d9000 	C:\WINDOWS\System32\KERNEL32.DLL
0x00007ff988a50000 - 0x00007ff988e44000 	C:\WINDOWS\System32\KERNELBASE.dll
0x00007ff989a30000 - 0x00007ff989b7b000 	C:\WINDOWS\System32\ucrtbase.dll
0x00007ff9643d0000 - 0x00007ff9643e8000 	c:\Users\diksh\.vscode\extensions\redhat.java-1.54.0-win32-x64\jre\21.0.10-win32-x86_64\bin\jli.dll
0x00007ff967e70000 - 0x00007ff967e8e000 	c:\Users\diksh\.vscode\extensions\redhat.java-1.54.0-win32-x64\jre\21.0.10-win32-x86_64\bin\VCRUNTIME140.dll
0x00007ff98b1b0000 - 0x00007ff98b375000 	C:\WINDOWS\System32\USER32.dll
0x00007ff989e50000 - 0x00007ff989e77000 	C:\WINDOWS\System32\win32u.dll
0x00007ff9661e0000 - 0x00007ff966473000 	C:\WINDOWS\WinSxS\amd64_microsoft.windows.common-controls_6595b64144ccf1df_6.0.26100.8115_none_3e075c82e3354f9c\COMCTL32.dll
0x00007ff98b900000 - 0x00007ff98b92b000 	C:\WINDOWS\System32\GDI32.dll
0x00007ff988e50000 - 0x00007ff988f7b000 	C:\WINDOWS\System32\gdi32full.dll
0x00007ff98a9e0000 - 0x00007ff98aa89000 	C:\WINDOWS\System32\msvcrt.dll
0x00007ff989c30000 - 0x00007ff989cd3000 	C:\WINDOWS\System32\msvcp_win.dll
0x00007ff98b930000 - 0x00007ff98b962000 	C:\WINDOWS\System32\IMM32.DLL
0x00007ff981310000 - 0x00007ff98131c000 	c:\Users\diksh\.vscode\extensions\redhat.java-1.54.0-win32-x64\jre\21.0.10-win32-x86_64\bin\vcruntime140_1.dll
0x00007ff9298e0000 - 0x00007ff92996d000 	c:\Users\diksh\.vscode\extensions\redhat.java-1.54.0-win32-x64\jre\21.0.10-win32-x86_64\bin\msvcp140.dll
0x00007ff8da6c0000 - 0x00007ff8db461000 	c:\Users\diksh\.vscode\extensions\redhat.java-1.54.0-win32-x64\jre\21.0.10-win32-x86_64\bin\server\jvm.dll
0x00007ff98ad30000 - 0x00007ff98ade6000 	C:\WINDOWS\System32\ADVAPI32.dll
0x00007ff98b060000 - 0x00007ff98b107000 	C:\WINDOWS\System32\sechost.dll
0x00007ff98af40000 - 0x00007ff98b058000 	C:\WINDOWS\System32\RPCRT4.dll
0x00007ff98b110000 - 0x00007ff98b190000 	C:\WINDOWS\System32\WS2_32.dll
0x00007ff9888d0000 - 0x00007ff98892e000 	C:\WINDOWS\SYSTEM32\POWRPROF.dll
0x00007ff976240000 - 0x00007ff97624b000 	C:\WINDOWS\SYSTEM32\VERSION.dll
0x00007ff980430000 - 0x00007ff980466000 	C:\WINDOWS\SYSTEM32\WINMM.dll
0x00007ff9888b0000 - 0x00007ff9888c4000 	C:\WINDOWS\SYSTEM32\UMPDC.dll
0x00007ff9877e0000 - 0x00007ff9877fb000 	C:\WINDOWS\SYSTEM32\kernel.appcore.dll
0x00007ff968440000 - 0x00007ff96844a000 	c:\Users\diksh\.vscode\extensions\redhat.java-1.54.0-win32-x64\jre\21.0.10-win32-x86_64\bin\jimage.dll
0x00007ff986980000 - 0x00007ff986bc2000 	C:\WINDOWS\SYSTEM32\DBGHELP.DLL
0x00007ff98bdb0000 - 0x00007ff98c132000 	C:\WINDOWS\System32\combase.dll
0x00007ff98ae60000 - 0x00007ff98af38000 	C:\WINDOWS\System32\OLEAUT32.dll
0x00007ff9658b0000 - 0x00007ff9658eb000 	C:\WINDOWS\SYSTEM32\dbgcore.DLL
0x00007ff989b80000 - 0x00007ff989c25000 	C:\WINDOWS\System32\bcryptPrimitives.dll
0x00007ff967e60000 - 0x00007ff967e6f000 	c:\Users\diksh\.vscode\extensions\redhat.java-1.54.0-win32-x64\jre\21.0.10-win32-x86_64\bin\instrument.dll
0x00007ff9642c0000 - 0x00007ff9642e0000 	c:\Users\diksh\.vscode\extensions\redhat.java-1.54.0-win32-x64\jre\21.0.10-win32-x86_64\bin\java.dll
0x00007ff989fe0000 - 0x00007ff98a747000 	C:\WINDOWS\System32\SHELL32.dll
0x00007ff989ce0000 - 0x00007ff989e4a000 	C:\WINDOWS\System32\wintypes.dll
0x00007ff9891c0000 - 0x00007ff989a28000 	C:\WINDOWS\System32\windows.storage.dll
0x00007ff98ac30000 - 0x00007ff98ad28000 	C:\WINDOWS\System32\SHCORE.dll
0x00007ff98adf0000 - 0x00007ff98ae56000 	C:\WINDOWS\System32\shlwapi.dll
0x00007ff988970000 - 0x00007ff988999000 	C:\WINDOWS\SYSTEM32\profapi.dll
0x00007ff95c890000 - 0x00007ff95c8a8000 	c:\Users\diksh\.vscode\extensions\redhat.java-1.54.0-win32-x64\jre\21.0.10-win32-x86_64\bin\zip.dll
0x00007ff9646e0000 - 0x00007ff9646f0000 	C:\Users\diksh\.vscode\extensions\redhat.java-1.54.0-win32-x64\jre\21.0.10-win32-x86_64\bin\net.dll
0x00007ff978e30000 - 0x00007ff978f5d000 	C:\WINDOWS\SYSTEM32\WINHTTP.dll
0x00007ff987d50000 - 0x00007ff987dbc000 	C:\WINDOWS\system32\mswsock.dll
0x00007ff9590b0000 - 0x00007ff9590c6000 	C:\Users\diksh\.vscode\extensions\redhat.java-1.54.0-win32-x64\jre\21.0.10-win32-x86_64\bin\nio.dll
0x00007ff95c880000 - 0x00007ff95c890000 	c:\Users\diksh\.vscode\extensions\redhat.java-1.54.0-win32-x64\jre\21.0.10-win32-x86_64\bin\verify.dll
0x00007ff92c530000 - 0x00007ff92c575000 	C:\Users\diksh\AppData\Roaming\Code\User\globalStorage\redhat.java\1.54.0\config_win\org.eclipse.equinox.launcher\org.eclipse.equinox.launcher.win32.win32.x86_64_1.3.0.v20260203-2149\eclipse_11919.dll
0x00007ff98aa90000 - 0x00007ff98ac27000 	C:\WINDOWS\System32\ole32.dll
0x00007ff988030000 - 0x00007ff98804b000 	C:\WINDOWS\SYSTEM32\CRYPTSP.dll
0x00007ff987740000 - 0x00007ff987779000 	C:\WINDOWS\system32\rsaenh.dll
0x00007ff987e00000 - 0x00007ff987e33000 	C:\WINDOWS\SYSTEM32\USERENV.dll
0x00007ff988940000 - 0x00007ff98896a000 	C:\WINDOWS\SYSTEM32\bcrypt.dll
0x00007ff988050000 - 0x00007ff98805c000 	C:\WINDOWS\SYSTEM32\CRYPTBASE.dll
0x00007ff987180000 - 0x00007ff9871b2000 	C:\WINDOWS\SYSTEM32\IPHLPAPI.DLL
0x00007ff98a8b0000 - 0x00007ff98a8ba000 	C:\WINDOWS\System32\NSI.dll
0x00007ff9686c0000 - 0x00007ff968709000 	C:\Users\diksh\AppData\Local\Temp\jna-95586651\jna13186122328146454862.dll
0x00007ff98b380000 - 0x00007ff98b388000 	C:\WINDOWS\System32\PSAPI.DLL
0x00007ff980520000 - 0x00007ff98053d000 	C:\WINDOWS\SYSTEM32\dhcpcsvc6.DLL
0x00007ff9804f0000 - 0x00007ff980515000 	C:\WINDOWS\SYSTEM32\dhcpcsvc.DLL
0x00007ff95abc0000 - 0x00007ff95abce000 	C:\Users\diksh\.vscode\extensions\redhat.java-1.54.0-win32-x64\jre\21.0.10-win32-x86_64\bin\sunmscapi.dll
0x00007ff988f80000 - 0x00007ff9890f7000 	C:\WINDOWS\System32\CRYPT32.dll
0x00007ff988250000 - 0x00007ff988280000 	C:\WINDOWS\SYSTEM32\ncrypt.dll
0x00007ff988200000 - 0x00007ff98823f000 	C:\WINDOWS\SYSTEM32\NTASN1.dll
0x00007ff9871c0000 - 0x00007ff9872f2000 	C:\WINDOWS\SYSTEM32\DNSAPI.dll
0x00007ff980270000 - 0x00007ff98027b000 	C:\Windows\System32\rasadhlp.dll
0x00007ff980e20000 - 0x00007ff980ea6000 	C:\WINDOWS\System32\fwpuclnt.dll
0x00007ff959a30000 - 0x00007ff959a39000 	C:\Users\diksh\.vscode\extensions\redhat.java-1.54.0-win32-x64\jre\21.0.10-win32-x86_64\bin\extnet.dll

JVMTI agents:
c:\Users\diksh\.vscode\extensions\redhat.java-1.54.0-win32-x64\lombok\lombok-1.18.39-4050.jar path:c:\Users\diksh\.vscode\extensions\redhat.java-1.54.0-win32-x64\jre\21.0.10-win32-x86_64\bin\instrument.dll, loaded, initialized, instrumentlib options:none

dbghelp: loaded successfully - version: 4.0.5 - missing functions: none
symbol engine: initialized successfully - sym options: 0x614 - pdb path: .;c:\Users\diksh\.vscode\extensions\redhat.java-1.54.0-win32-x64\jre\21.0.10-win32-x86_64\bin;C:\WINDOWS\SYSTEM32;C:\WINDOWS\WinSxS\amd64_microsoft.windows.common-controls_6595b64144ccf1df_6.0.26100.8115_none_3e075c82e3354f9c;c:\Users\diksh\.vscode\extensions\redhat.java-1.54.0-win32-x64\jre\21.0.10-win32-x86_64\bin\server;C:\Users\diksh\AppData\Roaming\Code\User\globalStorage\redhat.java\1.54.0\config_win\org.eclipse.equinox.launcher\org.eclipse.equinox.launcher.win32.win32.x86_64_1.3.0.v20260203-2149;C:\Users\diksh\AppData\Local\Temp\jna-95586651

VM Arguments:
jvm_args: --add-modules=ALL-SYSTEM --add-opens=java.base/java.util=ALL-UNNAMED --add-opens=java.base/java.lang=ALL-UNNAMED --add-opens=java.base/sun.nio.fs=ALL-UNNAMED -Declipse.application=org.eclipse.jdt.ls.core.id1 -Dosgi.bundles.defaultStartLevel=4 -Declipse.product=org.eclipse.jdt.ls.core.product -Djava.import.generatesMetadataFilesAtProjectRoot=false -DDetectVMInstallationsJob.disabled=true -Dfile.encoding=utf8 -XX:+UseParallelGC -XX:GCTimeRatio=4 -XX:AdaptiveSizePolicyWeight=90 -Dsun.zip.disableMemoryMapping=true -Xmx2G -Xms100m -Xlog:disable -javaagent:c:\Users\diksh\.vscode\extensions\redhat.java-1.54.0-win32-x64\lombok\lombok-1.18.39-4050.jar -XX:+HeapDumpOnOutOfMemoryError -XX:HeapDumpPath=c:\Users\diksh\AppData\Roaming\Code\User\workspaceStorage\c0c1884c0501c312faf2e0c1d708e901\redhat.java -Daether.dependencyCollector.impl=bf 
java_command: c:\Users\diksh\.vscode\extensions\redhat.java-1.54.0-win32-x64\server\plugins\org.eclipse.equinox.launcher_1.7.100.v20251111-0406.jar -configuration c:\Users\diksh\AppData\Roaming\Code\User\globalStorage\redhat.java\1.54.0\config_win -data c:\Users\diksh\AppData\Roaming\Code\User\workspaceStorage\c0c1884c0501c312faf2e0c1d708e901\redhat.java\jdt_ws --pipe=\\.\pipe\lsp-ee87d7045f9f785af99c084fc93cc3d7-sock
java_class_path (initial): c:\Users\diksh\.vscode\extensions\redhat.java-1.54.0-win32-x64\server\plugins\org.eclipse.equinox.launcher_1.7.100.v20251111-0406.jar
Launcher Type: SUN_STANDARD

[Global flags]
    uintx AdaptiveSizePolicyWeight                 = 90                                        {product} {command line}
     intx CICompilerCount                          = 4                                         {product} {ergonomic}
    uintx GCTimeRatio                              = 4                                         {product} {command line}
     bool HeapDumpOnOutOfMemoryError               = true                                   {manageable} {command line}
    ccstr HeapDumpPath                             = c:\Users\diksh\AppData\Roaming\Code\User\workspaceStorage\c0c1884c0501c312faf2e0c1d708e901\redhat.java         {manageable} {command line}
   size_t InitialHeapSize                          = 104857600                                 {product} {command line}
   size_t MaxHeapSize                              = 2147483648                                {product} {command line}
   size_t MaxNewSize                               = 715653120                                 {product} {ergonomic}
   size_t MinHeapDeltaBytes                        = 524288                                    {product} {ergonomic}
   size_t MinHeapSize                              = 104857600                                 {product} {command line}
   size_t NewSize                                  = 34603008                                  {product} {ergonomic}
    uintx NonNMethodCodeHeapSize                   = 5839372                                {pd product} {ergonomic}
    uintx NonProfiledCodeHeapSize                  = 122909434                              {pd product} {ergonomic}
   size_t OldSize                                  = 70254592                                  {product} {ergonomic}
    uintx ProfiledCodeHeapSize                     = 122909434                              {pd product} {ergonomic}
    uintx ReservedCodeCacheSize                    = 251658240                              {pd product} {ergonomic}
     bool SegmentedCodeCache                       = true                                      {product} {ergonomic}
   size_t SoftMaxHeapSize                          = 2147483648                             {manageable} {ergonomic}
     bool UseCompressedOops                        = true                           {product lp64_product} {ergonomic}
     bool UseLargePagesIndividualAllocation        = false                                  {pd product} {ergonomic}
     bool UseParallelGC                            = true                                      {product} {command line}

Logging:
Log output configuration:
 #0: stdout all=off uptime,level,tags foldmultilines=false
 #1: stderr all=off uptime,level,tags foldmultilines=false

Release file:
JAVA_VERSION="21.0.10" 
MODULES="java.base java.compiler java.datatransfer java.xml java.prefs java.desktop java.instrument java.logging java.management java.security.sasl java.naming java.rmi java.management.rmi java.net.http java.scripting java.security.jgss java.transaction.xa java.sql java.sql.rowset java.xml.crypto java.se java.smartcardio jdk.accessibility jdk.internal.jvmstat jdk.attach jdk.charsets jdk.internal.opt jdk.zipfs jdk.compiler jdk.crypto.ec jdk.crypto.cryptoki jdk.crypto.mscapi jdk.dynalink jdk.internal.ed jdk.editpad jdk.hotspot.agent jdk.httpserver jdk.internal.le jdk.internal.vm.ci jdk.internal.vm.compiler jdk.internal.vm.compiler.management jdk.jartool jdk.javadoc jdk.jcmd jdk.management jdk.management.agent jdk.jconsole jdk.jdeps jdk.jdwp.agent jdk.jdi jdk.jfr jdk.jshell jdk.jsobject jdk.jstatd jdk.localedata jdk.management.jfr jdk.naming.dns jdk.naming.rmi jdk.net jdk.nio.mapmode jdk.random jdk.sctp jdk.security.auth jdk.security.jgss jdk.unsupported jdk.unsupported.desktop jdk.xml.dom" 

Environment Variables:
PATH=C:\Users\diksh\AppData\Local\Programs\Microsoft VS Code;C:\WINDOWS\system32;C:\WINDOWS;C:\WINDOWS\System32\Wbem;C:\WINDOWS\System32\WindowsPowerShell\v1.0\;C:\WINDOWS\System32\OpenSSH\;D:\mongosh-2.5.8-win32-x64\bin;D:\;D:\nodejs;C:\Program Files\MongoDB\Server\8.2\bin;C:\Program Files\Git\cmd;C:\Program Files\Git\bin;C:\MinGW\bin;C:\Program Files\jdk-25.0.1\bin;D:\flutter\bin;C:\Users\diksh\AppData\Local\Android\Sdk\platform-tools;C:\Users\diksh\AppData\Local\Android\Sdk\cmdline-tools\latest\bin;C:\ProgramData\chocolatey\bin;C:\Program Files\LLVM\bin;C:\Program Files (x86)\LLVM\bin;C:\Program Files\Go\bin;C:\Program Files\MySQL\MySQL Server 8.0\bin\mysqld.exe;C:\Program Files\MySQL\MySQL Shell 8.0\bin\;C:\Users\diksh\scoop\shims;C:\Users\diksh\AppData\Local\Programs\Python\Python314\Scripts\;C:\Users\diksh\AppData\Local\Programs\Python\Python314\;C:\Users\diksh\AppData\Local\Microsoft\WindowsApps;C:\Users\diksh\AppData\Roaming\npm;C:\Users\diksh\AppData\Local\Programs\Microsoft VS Code\bin;C:\Program Files\mongosh\;D:\Antigravity\bin;C:\Users\diksh\go\bin;D:\IntelliJ IDEA 2026.1\bin;D:\PyCharm 2026.1\bin;D:\WebStorm 2026.1\bin
USERNAME=diksh
OS=Windows_NT
PROCESSOR_IDENTIFIER=Intel64 Family 6 Model 154 Stepping 4, GenuineIntel
TMP=C:\Users\diksh\AppData\Local\Temp
TEMP=C:\Users\diksh\AppData\Local\Temp




Periodic native trim disabled

---------------  S Y S T E M  ---------------

OS:
 Windows 11 , 64 bit Build 26100 (10.0.26100.8246)
OS uptime: 5 days 4:54 hours
Hyper-V role detected

CPU: total 12 (initial active 12) (6 cores per cpu, 2 threads per core) family 6 model 154 stepping 4 microcode 0x432, cx8, cmov, fxsr, ht, mmx, 3dnowpref, sse, sse2, sse3, ssse3, sse4.1, sse4.2, popcnt, lzcnt, tsc, tscinvbit, avx, avx2, aes, erms, clmul, bmi1, bmi2, adx, sha, fma, vzeroupper, clflush, clflushopt, clwb, hv, serialize, rdtscp, rdpid, fsrm, f16c, cet_ibt, cet_ss
Processor Information for processor 0
  Max Mhz: 1300, Current Mhz: 1300, Mhz Limit: 1300
Processor Information for processor 1
  Max Mhz: 1300, Current Mhz: 1300, Mhz Limit: 1300
Processor Information for processor 2
  Max Mhz: 1300, Current Mhz: 1300, Mhz Limit: 1300
Processor Information for processor 3
  Max Mhz: 1300, Current Mhz: 1300, Mhz Limit: 1300
Processor Information for processor 4
  Max Mhz: 1300, Current Mhz: 900, Mhz Limit: 897
Processor Information for processor 5
  Max Mhz: 1300, Current Mhz: 900, Mhz Limit: 897
Processor Information for processor 6
  Max Mhz: 1300, Current Mhz: 900, Mhz Limit: 897
Processor Information for processor 7
  Max Mhz: 1300, Current Mhz: 900, Mhz Limit: 897
Processor Information for processor 8
  Max Mhz: 1300, Current Mhz: 900, Mhz Limit: 897
Processor Information for processor 9
  Max Mhz: 1300, Current Mhz: 900, Mhz Limit: 897
Processor Information for processor 10
  Max Mhz: 1300, Current Mhz: 900, Mhz Limit: 897
Processor Information for processor 11
  Max Mhz: 1300, Current Mhz: 900, Mhz Limit: 897

Memory: 4k page, system-wide physical 7863M (727M free)
TotalPageFile size 25339M (AvailPageFile size 93M)
current process WorkingSet (physical memory assigned to process): 8M, peak: 298M
current process commit charge ("private bytes"): 398M, peak: 421M

vm_info: OpenJDK 64-Bit Server VM (21.0.10+7-LTS) for windows-amd64 JRE (21.0.10+7-LTS), built on 2026-01-20T00:00:00Z by "admin" with MS VC++ 17.12 (VS2022)

END.
